[backblue.gif]
[fade.gif]
[index.html]
[checkov.dreampyro.com/web/images/favicon.png]
[checkov.dreampyro.com/web/images/webclip.png]
[checkov.dreampyro.com/web/images/Mask-Group-1.png]
[checkov.dreampyro.com/web/images/checkov-recording.gif]
[checkov.dreampyro.com/web/images/blue1.png]
[checkov.dreampyro.com/web/images/blue2.png]
[checkov.dreampyro.com/web/images/blue3.png]
[checkov.dreampyro.com/web/images/blue4.png]
[checkov.dreampyro.com/web/js/pyro.js]
[checkov.dreampyro.com/web/index.html]
[checkov.dreampyro.com/web/css/normalize.css]
[checkov.dreampyro.com/web/css/pyro.css]
[checkov.dreampyro.com/web/images/community.png]
[checkov.dreampyro.com/web/css/checkov.pyro.css]
[checkov.dreampyro.com/web/images/checkov-logo.svg]
[checkov.dreampyro.com/web/images/Group297.svg]
[checkov.dreampyro.com/web/images/Group298.svg]
[checkov.dreampyro.com/web/images/Group299.svg]
[checkov.dreampyro.com/web/images/Group300.svg]
[checkov.dreampyro.com/web/images/logo.svg]
[checkov.dreampyro.com/web/images/Fill44.svg]
[checkov.dreampyro.com/web/images/Path870.svg]
[checkov.dreampyro.com/web/images/Group253.svg]
[checkov.dreampyro.com/web/images/Group254.svg]
[checkov.dreampyro.com/web/images/arrow-up.svg]
[checkov.dreampyro.com/web/images/circle.svg]
